127.0.0.1 - - [31/Oct/2015:16:59:35 -0200] "GET / HTTP/1.1" 404 951
0:0:0:0:0:0:0:1 - - [31/Oct/2015:16:59:37 -0200] "GET /fj21-agenda/WEB-INF/classes/br/com/npsoftwares/jdbc/ConnectionFactory.java HTTP/1.1" 404 949
127.0.0.1 - - [31/Oct/2015:17:00:05 -0200] "GET / HTTP/1.1" 404 951
0:0:0:0:0:0:0:1 - - [31/Oct/2015:17:00:06 -0200] "GET /fj21-agenda/addContato.html HTTP/1.1" 200 456
0:0:0:0:0:0:0:1 - - [31/Oct/2015:17:00:41 -0200] "GET /fj21-agenda/adicionaContato?nome=Sebasti%E3o+Martins+&email=tigpega_ar@hotmail.com&endereco=rua+morrinhos&dataNascimento=24041989 HTTP/1.1" 200 28
127.0.0.1 - - [31/Oct/2015:17:01:16 -0200] "GET / HTTP/1.1" 404 951
0:0:0:0:0:0:0:1 - - [31/Oct/2015:17:04:16 -0200] "GET /fj21-agenda/adicionaContato?nome=sebastiao&email=tigpega_ar@hotmail.com&endereco=r+morrinhos&dataNascimento=24%2F04%2F2014 HTTP/1.1" 500 1987
127.0.0.1 - - [31/Oct/2015:17:04:56 -0200] "GET / HTTP/1.1" 404 951
0:0:0:0:0:0:0:1 - - [31/Oct/2015:17:05:25 -0200] "GET /fj21-agenda/adicionaContato?nome=Sebastuiao&email=%2Caaset&endereco=asdfa&dataNascimento=24%2F04%2F1029 HTTP/1.1" 500 1987
127.0.0.1 - - [31/Oct/2015:17:06:31 -0200] "GET / HTTP/1.1" 404 951
0:0:0:0:0:0:0:1 - - [31/Oct/2015:17:06:32 -0200] "GET /fj21-agenda/WEB-INF/classes/br/com/npsoftwares/jdbc/dao/ContatoDao.java HTTP/1.1" 404 949
0:0:0:0:0:0:0:1 - - [31/Oct/2015:17:08:59 -0200] "GET /fj21-agenda/adicionaContato?nome=Sebastiao&email=martins&endereco=pereria&dataNascimento=24%2F04%2F2015 HTTP/1.1" 500 1987
127.0.0.1 - - [31/Oct/2015:17:38:56 -0200] "GET / HTTP/1.1" 404 951
0:0:0:0:0:0:0:1 - - [31/Oct/2015:17:38:56 -0200] "GET /fj21-agenda/WEB-INF/classes/br/com/npsoftwares/jdbc/dao/ContatoDao.java HTTP/1.1" 404 949
127.0.0.1 - - [31/Oct/2015:17:41:34 -0200] "GET / HTTP/1.1" 404 951
0:0:0:0:0:0:0:1 - - [31/Oct/2015:17:41:35 -0200] "GET /fj21-agenda/WEB-INF/classes/br/com/npsoftwares/jdbc/ConnectionFactory.java HTTP/1.1" 404 949
127.0.0.1 - - [31/Oct/2015:17:48:54 -0200] "GET / HTTP/1.1" 404 951
0:0:0:0:0:0:0:1 - - [31/Oct/2015:17:48:55 -0200] "GET /fj21-agenda/ HTTP/1.1" 404 975
0:0:0:0:0:0:0:1 - - [31/Oct/2015:17:49:09 -0200] "GET /fj21-agenda/adicionaContato?nome=werqwe&email=werqwer&endereco=ewrqwerqwer&dataNascimento=24%2F04%2F1989 HTTP/1.1" 500 1987
127.0.0.1 - - [31/Oct/2015:17:49:41 -0200] "GET / HTTP/1.1" 404 951
0:0:0:0:0:0:0:1 - - [31/Oct/2015:17:49:42 -0200] "GET /fj21-agenda/ HTTP/1.1" 404 975
127.0.0.1 - - [31/Oct/2015:18:25:03 -0200] "GET / HTTP/1.1" 404 951
0:0:0:0:0:0:0:1 - - [31/Oct/2015:18:25:13 -0200] "GET /fj21-agenda/adicionaContato?nome=fqwefq&email=fqwefq&endereco=wefewf&dataNascimento=24%2F04%2F1989 HTTP/1.1" 500 1987
127.0.0.1 - - [31/Oct/2015:18:25:35 -0200] "GET / HTTP/1.1" 404 951
0:0:0:0:0:0:0:1 - - [31/Oct/2015:18:26:00 -0200] "GET /fj21-agenda/adicionaContato?nome=rterty&email=ertyerty&endereco=ertyerty&dataNascimento=24%2F04%2F1989 HTTP/1.1" 500 1987
127.0.0.1 - - [31/Oct/2015:18:34:14 -0200] "GET / HTTP/1.1" 404 951
0:0:0:0:0:0:0:1 - - [31/Oct/2015:18:34:14 -0200] "GET /fj21-agenda/ HTTP/1.1" 404 975
127.0.0.1 - - [31/Oct/2015:18:34:33 -0200] "GET / HTTP/1.1" 404 951
0:0:0:0:0:0:0:1 - - [31/Oct/2015:18:34:42 -0200] "GET /fj21-agenda/adicionaContato?nome=euerty&email=ertyerty&endereco=ertyerty&dataNascimento=24%2F04%2F1989 HTTP/1.1" 500 1987
0:0:0:0:0:0:0:1 - - [31/Oct/2015:18:36:14 -0200] "GET /fj21-agenda/WEB-INF/classes/br/com/npsoftwares/jdbc/ConnectionFactory.java HTTP/1.1" 404 949
127.0.0.1 - - [31/Oct/2015:18:36:31 -0200] "GET / HTTP/1.1" 404 951
0:0:0:0:0:0:0:1 - - [31/Oct/2015:18:36:38 -0200] "GET /fj21-agenda/adicionaContato?nome=asdfasdf&email=asdfasdf&endereco=asdfasdf&dataNascimento=24%2F04%2F1989 HTTP/1.1" 500 1987
127.0.0.1 - - [31/Oct/2015:19:19:09 -0200] "GET / HTTP/1.1" 404 951
0:0:0:0:0:0:0:1 - - [31/Oct/2015:19:19:10 -0200] "GET /fj21-agenda/WEB-INF/classes/br/com/npsoftwares/jdbc/ConnectionFactory.java HTTP/1.1" 404 949
127.0.0.1 - - [31/Oct/2015:19:23:48 -0200] "GET / HTTP/1.1" 404 951
0:0:0:0:0:0:0:1 - - [31/Oct/2015:19:23:56 -0200] "GET /fj21-agenda/adicionaContato?nome=asdfasdf&email=asdfasdf&endereco=asdfas&dataNascimento=24%2F04%2F2015 HTTP/1.1" 500 1987
127.0.0.1 - - [31/Oct/2015:19:24:22 -0200] "GET / HTTP/1.1" 404 951
0:0:0:0:0:0:0:1 - - [31/Oct/2015:19:24:22 -0200] "GET /fj21-agenda/WEB-INF/classes/br/com/npsoftwares/jdbc/ConnectionFactory.java HTTP/1.1" 404 949
0:0:0:0:0:0:0:1 - - [31/Oct/2015:19:24:37 -0200] "GET /fj21-agenda/adicionaContato?nome=sdfg&email=dfgsdf&endereco=gsdfgsdfg&dataNascimento=24%2F04%2F2015 HTTP/1.1" 500 1987
127.0.0.1 - - [31/Oct/2015:19:41:03 -0200] "GET / HTTP/1.1" 404 951
127.0.0.1 - - [31/Oct/2015:19:41:40 -0200] "GET / HTTP/1.1" 404 951
0:0:0:0:0:0:0:1 - - [31/Oct/2015:19:41:41 -0200] "GET /fj21-agenda/ HTTP/1.1" 404 975
0:0:0:0:0:0:0:1 - - [31/Oct/2015:19:42:17 -0200] "GET /fj21-agenda/adicionaContato?nome=sbastio&email=qaerqwr&endereco=qwerqwer&dataNascimento=21%2F07%2F2015 HTTP/1.1" 500 1987
127.0.0.1 - - [31/Oct/2015:19:44:20 -0200] "GET / HTTP/1.1" 404 951
0:0:0:0:0:0:0:1 - - [31/Oct/2015:19:47:29 -0200] "GET /fj21-agenda/adicionaContato?nome=wertwert&email=wertwert&endereco=wertwwertw&dataNascimento=24%2F01%2F2015 HTTP/1.1" 500 1941
127.0.0.1 - - [31/Oct/2015:19:47:53 -0200] "GET / HTTP/1.1" 404 951
0:0:0:0:0:0:0:1 - - [31/Oct/2015:19:48:09 -0200] "GET /fj21-agenda/adicionaContato HTTP/1.1" 200 28
127.0.0.1 - - [31/Oct/2015:19:48:32 -0200] "GET / HTTP/1.1" 404 951
0:0:0:0:0:0:0:1 - - [31/Oct/2015:19:48:59 -0200] "GET /fj21-agenda/adicionaContato?nome=qwerqwerqwe&email=qwerqwerqwer&endereco=qrqwerqwer&dataNascimento=2404%2F2018 HTTP/1.1" 200 28
127.0.0.1 - - [31/Oct/2015:19:49:23 -0200] "GET / HTTP/1.1" 404 951
0:0:0:0:0:0:0:1 - - [31/Oct/2015:19:50:02 -0200] "GET /fj21-agenda/adicionaContato?nome=rtert&email=twertwe&endereco=wertwert&dataNascimento=24%2F04%2F2015 HTTP/1.1" 500 1987
127.0.0.1 - - [31/Oct/2015:19:50:56 -0200] "GET / HTTP/1.1" 404 951
0:0:0:0:0:0:0:1 - - [31/Oct/2015:19:50:56 -0200] "GET /fj21-agenda/WEB-INF/classes/br/com/npsoftwares/jdbc/dao/ContatoDao.java HTTP/1.1" 404 949
127.0.0.1 - - [31/Oct/2015:19:51:14 -0200] "GET / HTTP/1.1" 404 951
0:0:0:0:0:0:0:1 - - [31/Oct/2015:19:52:02 -0200] "GET /fj21-agenda/adicionaContato?nome=adfasdfasdfasdfa&email=sdfasdfasdfa&endereco=dfasdfasdf&dataNascimento=24%2F04%2F2015 HTTP/1.1" 500 1987
127.0.0.1 - - [31/Oct/2015:20:01:13 -0200] "GET / HTTP/1.1" 404 951
127.0.0.1 - - [31/Oct/2015:20:02:04 -0200] "GET / HTTP/1.1" 404 951
127.0.0.1 - - [31/Oct/2015:20:24:17 -0200] "GET / HTTP/1.1" 404 951
0:0:0:0:0:0:0:1 - - [31/Oct/2015:20:24:48 -0200] "GET /fj21_agenda/ HTTP/1.1" 404 975
0:0:0:0:0:0:0:1 - - [31/Oct/2015:20:24:57 -0200] "GET / HTTP/1.1" 404 951
0:0:0:0:0:0:0:1 - - [31/Oct/2015:20:24:59 -0200] "GET / HTTP/1.1" 404 951
0:0:0:0:0:0:0:1 - - [31/Oct/2015:20:25:01 -0200] "GET / HTTP/1.1" 404 951
0:0:0:0:0:0:0:1 - - [31/Oct/2015:20:25:46 -0200] "GET /fj21_agenda/bemvindo.html HTTP/1.1" 404 1001
0:0:0:0:0:0:0:1 - - [31/Oct/2015:20:25:50 -0200] "GET /fj21_agenda/bemvindo.html HTTP/1.1" 404 1001
0:0:0:0:0:0:0:1 - - [31/Oct/2015:20:28:27 -0200] "GET /fj21_agenda/Index.html HTTP/1.1" 200 131
127.0.0.1 - - [31/Oct/2015:20:28:57 -0200] "GET / HTTP/1.1" 404 951
0:0:0:0:0:0:0:1 - - [31/Oct/2015:20:30:26 -0200] "GET /fj21_agenda/Index.html HTTP/1.1" 200 194
0:0:0:0:0:0:0:1 - - [31/Oct/2015:20:46:21 -0200] "GET /fj21_agenda/OiMundo HTTP/1.1" 404 989
127.0.0.1 - - [31/Oct/2015:20:46:54 -0200] "GET / HTTP/1.1" 404 951
0:0:0:0:0:0:0:1 - - [31/Oct/2015:20:46:55 -0200] "GET /fj21_agenda/OiMundo HTTP/1.1" 200 112
127.0.0.1 - - [31/Oct/2015:20:48:17 -0200] "GET / HTTP/1.1" 404 951
0:0:0:0:0:0:0:1 - - [31/Oct/2015:20:48:18 -0200] "GET /fj21_agenda/OiMundo HTTP/1.1" 404 989
127.0.0.1 - - [31/Oct/2015:20:48:42 -0200] "GET / HTTP/1.1" 404 951
127.0.0.1 - - [31/Oct/2015:20:56:29 -0200] "GET / HTTP/1.1" 404 951
127.0.0.1 - - [31/Oct/2015:20:56:29 -0200] "GET / HTTP/1.1" 404 951
127.0.0.1 - - [31/Oct/2015:21:00:08 -0200] "GET / HTTP/1.1" 404 951
0:0:0:0:0:0:0:1 - - [31/Oct/2015:21:00:08 -0200] "GET /fj21_agenda/OiMundo HTTP/1.1" 200 112
127.0.0.1 - - [31/Oct/2015:21:09:49 -0200] "GET / HTTP/1.1" 404 951
0:0:0:0:0:0:0:1 - - [31/Oct/2015:21:09:49 -0200] "GET /fj21_agenda/oi HTTP/1.1" 200 112
127.0.0.1 - - [31/Oct/2015:21:10:24 -0200] "GET / HTTP/1.1" 404 951
0:0:0:0:0:0:0:1 - - [31/Oct/2015:21:10:24 -0200] "GET /fj21_agenda/oi HTTP/1.1" 200 112
0:0:0:0:0:0:0:1 - - [31/Oct/2015:21:10:29 -0200] "GET /fj21_agenda/oi2 HTTP/1.1" 200 112
0:0:0:0:0:0:0:1 - - [31/Oct/2015:21:10:32 -0200] "GET /fj21_agenda/oi3 HTTP/1.1" 404 981
127.0.0.1 - - [31/Oct/2015:21:33:35 -0200] "GET / HTTP/1.1" 404 951
127.0.0.1 - - [31/Oct/2015:21:34:04 -0200] "GET / HTTP/1.1" 404 951
0:0:0:0:0:0:0:1 - - [31/Oct/2015:21:34:05 -0200] "GET /fj21_agenda/oi HTTP/1.1" 200 112
127.0.0.1 - - [31/Oct/2015:21:36:47 -0200] "GET / HTTP/1.1" 404 951
0:0:0:0:0:0:0:1 - - [31/Oct/2015:21:36:48 -0200] "GET /fj21_agenda/oi HTTP/1.1" 200 112
127.0.0.1 - - [31/Oct/2015:21:37:14 -0200] "GET / HTTP/1.1" 404 951
0:0:0:0:0:0:0:1 - - [31/Oct/2015:21:37:14 -0200] "GET /fj21_agenda/oi HTTP/1.1" 200 216
127.0.0.1 - - [31/Oct/2015:21:52:49 -0200] "GET / HTTP/1.1" 404 951
0:0:0:0:0:0:0:1 - - [31/Oct/2015:21:52:49 -0200] "GET /fj21_agenda/adicionaContato HTTP/1.1" 200 -
127.0.0.1 - - [31/Oct/2015:21:55:36 -0200] "GET / HTTP/1.1" 404 951
0:0:0:0:0:0:0:1 - - [31/Oct/2015:21:55:37 -0200] "GET /fj21_agenda/adicionaContato HTTP/1.1" 500 1477
0:0:0:0:0:0:0:1 - - [31/Oct/2015:21:55:45 -0200] "GET /fj21_agenda/AdicionarContato.html HTTP/1.1" 200 474
0:0:0:0:0:0:0:1 - - [31/Oct/2015:21:55:58 -0200] "GET /fj21_agenda/adicionaContato?nome=qwerqwerq&email=qewrqwer&endereco=rqwerqwer&dataNascimento=24%2F04%2F1989 HTTP/1.1" 500 1965
0:0:0:0:0:0:0:1 - - [31/Oct/2015:21:57:28 -0200] "GET /fj21_agenda/adicionaContato?nome=52345234523452&email=34523452345&endereco=34523452&dataNascimento=24%2F04%2F9898 HTTP/1.1" 500 1965
127.0.0.1 - - [31/Oct/2015:21:59:20 -0200] "GET / HTTP/1.1" 404 951
0:0:0:0:0:0:0:1 - - [31/Oct/2015:21:59:30 -0200] "GET /fj21_agenda/adicionaContato?nome=erqwerqw&email=qwerqwer&endereco=werqewrqe&dataNascimento=24%2F04%2F1989 HTTP/1.1" 500 1965
127.0.0.1 - - [31/Oct/2015:22:03:19 -0200] "GET / HTTP/1.1" 404 951
0:0:0:0:0:0:0:1 - - [31/Oct/2015:22:03:20 -0200] "GET /fj21_agenda/WEB-INF/classes/br/com/npsoftwares/jdbc/ConnectionFactory.java HTTP/1.1" 404 949
127.0.0.1 - - [31/Oct/2015:22:03:37 -0200] "GET / HTTP/1.1" 404 951
127.0.0.1 - - [31/Oct/2015:22:06:19 -0200] "GET / HTTP/1.1" 404 951
127.0.0.1 - - [31/Oct/2015:22:07:08 -0200] "GET / HTTP/1.1" 404 951
127.0.0.1 - - [31/Oct/2015:22:07:27 -0200] "GET / HTTP/1.1" 404 951
127.0.0.1 - - [31/Oct/2015:22:07:59 -0200] "GET / HTTP/1.1" 404 951
127.0.0.1 - - [31/Oct/2015:22:08:25 -0200] "GET / HTTP/1.1" 404 951
127.0.0.1 - - [31/Oct/2015:22:08:34 -0200] "GET /fj21_agenda/adicionaContato?nome=erqwe&email=qwerq&endereco=rqwer&dataNascimento=24%2F0%2F1584 HTTP/1.1" 500 1965
127.0.0.1 - - [31/Oct/2015:22:09:23 -0200] "GET / HTTP/1.1" 404 951
127.0.0.1 - - [31/Oct/2015:22:09:24 -0200] "GET /fj21_agenda/WEB-INF/classes/br/com/npsoftwares/jdbc/ConnectionFactory.java HTTP/1.1" 404 949
127.0.0.1 - - [31/Oct/2015:22:10:33 -0200] "GET / HTTP/1.1" 404 951
127.0.0.1 - - [31/Oct/2015:22:10:34 -0200] "GET /fj21_agenda/WEB-INF/classes/br/com/npsoftwares/jdbc/ConnectionFactory.java HTTP/1.1" 404 949
127.0.0.1 - - [31/Oct/2015:22:11:03 -0200] "GET / HTTP/1.1" 404 951
127.0.0.1 - - [31/Oct/2015:22:12:12 -0200] "GET / HTTP/1.1" 404 951
127.0.0.1 - - [31/Oct/2015:22:12:53 -0200] "GET / HTTP/1.1" 404 951
127.0.0.1 - - [31/Oct/2015:22:13:14 -0200] "GET /fj21_agenda/adicionaContato?nome=adfasd&email=asdfa&endereco=asdfasd&dataNascimento=24%2F01%2F1021 HTTP/1.1" 500 1965
127.0.0.1 - - [31/Oct/2015:22:23:47 -0200] "GET / HTTP/1.1" 404 951
0:0:0:0:0:0:0:1 - - [31/Oct/2015:22:23:47 -0200] "GET /fj21_agenda/ HTTP/1.1" 404 975
0:0:0:0:0:0:0:1 - - [31/Oct/2015:22:24:10 -0200] "GET /fj21_agenda/AdicionarContato.html HTTP/1.1" 304 -
0:0:0:0:0:0:0:1 - - [31/Oct/2015:22:24:34 -0200] "GET /fj21_agenda/adicionaContato?nome=qerq&email=qerq&endereco=qerqwer&dataNascimento=24%2F04%2F1989 HTTP/1.1" 500 1965
127.0.0.1 - - [31/Oct/2015:22:25:59 -0200] "GET / HTTP/1.1" 404 951
127.0.0.1 - - [31/Oct/2015:22:26:53 -0200] "GET / HTTP/1.1" 404 951
127.0.0.1 - - [31/Oct/2015:22:30:42 -0200] "GET / HTTP/1.1" 404 951
0:0:0:0:0:0:0:1 - - [31/Oct/2015:22:30:51 -0200] "GET /fj21_agenda/adicionaContato?nome=wert&email=twertwer&endereco=wertwerwerwert&dataNascimento=24%2F04%2F1989 HTTP/1.1" 500 1965
127.0.0.1 - - [31/Oct/2015:22:46:40 -0200] "GET / HTTP/1.1" 404 951
0:0:0:0:0:0:0:1 - - [31/Oct/2015:22:46:40 -0200] "GET /fj21_agenda/AdicionarContato.html HTTP/1.1" 304 -
0:0:0:0:0:0:0:1 - - [31/Oct/2015:22:46:49 -0200] "GET /fj21_agenda/adicionaContato?nome=7909&email=%2C&endereco=807890&dataNascimento=24%2F04%2F1989 HTTP/1.1" 500 1965
127.0.0.1 - - [31/Oct/2015:22:47:49 -0200] "GET / HTTP/1.1" 404 951
0:0:0:0:0:0:0:1 - - [31/Oct/2015:22:47:50 -0200] "GET /fj21_agenda/WEB-INF/classes/br/com/npsoftwares/jdbc/ConnectionFactory.java HTTP/1.1" 404 949
127.0.0.1 - - [31/Oct/2015:22:53:20 -0200] "GET / HTTP/1.1" 404 951
127.0.0.1 - - [31/Oct/2015:22:53:36 -0200] "GET / HTTP/1.1" 404 951
127.0.0.1 - - [31/Oct/2015:22:55:15 -0200] "GET / HTTP/1.1" 404 951
0:0:0:0:0:0:0:1 - - [31/Oct/2015:22:55:16 -0200] "GET /fj21_agenda/AdicionarContato.html HTTP/1.1" 304 -
0:0:0:0:0:0:0:1 - - [31/Oct/2015:22:55:25 -0200] "GET /fj21_agenda/adicionaContato?nome=afasd&email=asdfasdf&endereco=asdfasdf&dataNascimento=24%2F04%2F2015 HTTP/1.1" 500 1965
127.0.0.1 - - [31/Oct/2015:22:56:52 -0200] "GET / HTTP/1.1" 404 951
0:0:0:0:0:0:0:1 - - [31/Oct/2015:22:56:53 -0200] "GET /fj21_agenda/WEB-INF/classes/br/com/npsoftwares/jdbc/ConnectionFactory.java HTTP/1.1" 404 949
127.0.0.1 - - [31/Oct/2015:22:57:20 -0200] "GET / HTTP/1.1" 404 951
127.0.0.1 - - [31/Oct/2015:22:58:17 -0200] "GET / HTTP/1.1" 404 951
0:0:0:0:0:0:0:1 - - [31/Oct/2015:22:58:25 -0200] "GET /fj21_agenda/adicionaContato?nome=qwerqwerq&email=rqwer&endereco=werqwerq&dataNascimento=24%2F04%2F1989 HTTP/1.1" 500 1965
127.0.0.1 - - [31/Oct/2015:22:59:32 -0200] "GET / HTTP/1.1" 404 951
127.0.0.1 - - [31/Oct/2015:23:05:04 -0200] "GET / HTTP/1.1" 404 951
0:0:0:0:0:0:0:1 - - [31/Oct/2015:23:05:04 -0200] "GET /fj21_agenda/AdicionarContato.html HTTP/1.1" 304 -
127.0.0.1 - - [31/Oct/2015:23:14:25 -0200] "GET / HTTP/1.1" 404 951
0:0:0:0:0:0:0:1 - - [31/Oct/2015:23:14:26 -0200] "GET /fj21_agenda/AdicionarContato.html HTTP/1.1" 304 -
